// Jest Snapshot v1, https://goo.gl/fbAQLP

exports[`Details SideBar Panel displays the details side panel 1`] = `
<div id="oc-space-details-sidebar">
  <div class="oc-space-details-sidebar-image oc-text-center">
    <oc-icon-stub name="layout-grid" filltype="fill" accessiblelabel="" type="span" size="xxlarge" variation="passive" color="" class="space-default-image oc-px-m oc-py-m"></oc-icon-stub>
  </div>
  <div class="oc-flex oc-flex-middle oc-mb-m oc-text-small" style="gap: 15px;">
    <oc-button-stub type="button" size="medium" arialabel="Open member list in share panel" submit="button" variation="passive" appearance="raw" justifycontent="center" gapsize="medium">
      <oc-icon-stub name="group" filltype="fill" accessiblelabel="" type="span" size="medium" variation="passive" color=""></oc-icon-stub>
    </oc-button-stub>
    <!---->
    <p>This space has 1 member.</p>
    <oc-button-stub type="button" size="small" arialabel="Open share panel" submit="button" variation="passive" appearance="raw" justifycontent="center" gapsize="medium"><span class="oc-text-small">Show</span></oc-button-stub>
  </div>
  <table aria-label="Overview of the information about the selected space" class="details-table">
    <tr>
      <th scope="col" class="oc-pr-s">Last activity</th>
      <td>Invalid DateTime</td>
    </tr>
    <!---->
    <tr>
      <th scope="col" class="oc-pr-s">Manager</th>
      <td><span>alice</span></td>
    </tr>
    <tr>
      <th scope="col" class="oc-pr-s">Quota</th>
      <td>
        <space-quota-stub spacequota="[object Object]"></space-quota-stub>
      </td>
    </tr>
  </table>
</div>
`;
