// Jest Snapshot v1, https://goo.gl/fbAQLP

exports[`ContextActions menu items renders a list of actions for a file 1`] = `
<div id="oc-files-context-menu">
  <ul id="oc-files-context-actions-actions" class="oc-list oc-my-rm oc-mx-rm oc-files-context-actions">
    <li class="oc-files-context-action oc-px-s oc-rounded oc-menu-item-hover"><button type="button" class="oc-button oc-rounded oc-button-s oc-button-justify-content-center oc-button-gap-m oc-button-passive oc-button-passive-raw oc-files-actions-download-file-trigger action-menu-item" data-testid="action-handler"><span class="oc-icon oc-icon-m oc-icon-passive" data-testid="action-icon"><!----></span> <span data-testid="action-label" class="oc-files-context-action-label">Download</span>
        <!---->
        <!---->
      </button></li>
    <li class="oc-files-context-action oc-px-s oc-rounded oc-menu-item-hover"><button type="button" class="oc-button oc-rounded oc-button-s oc-button-justify-content-center oc-button-gap-m oc-button-passive oc-button-passive-raw oc-files-actions-rename-trigger action-menu-item" data-testid="action-handler"><span class="oc-icon oc-icon-m oc-icon-passive" data-testid="action-icon"><!----></span> <span data-testid="action-label" class="oc-files-context-action-label">Rename</span>
        <!---->
        <!---->
      </button></li>
  </ul>
</div>
`;

exports[`ContextActions menu items renders a list of actions for a folder 1`] = `
<div id="oc-files-context-menu">
  <ul id="oc-files-context-actions-actions" class="oc-list oc-my-rm oc-mx-rm oc-files-context-actions">
    <li class="oc-files-context-action oc-px-s oc-rounded oc-menu-item-hover"><button type="button" class="oc-button oc-rounded oc-button-s oc-button-justify-content-center oc-button-gap-m oc-button-passive oc-button-passive-raw oc-files-actions-download-file-trigger action-menu-item" data-testid="action-handler"><span class="oc-icon oc-icon-m oc-icon-passive" data-testid="action-icon"><!----></span> <span data-testid="action-label" class="oc-files-context-action-label">Download</span>
        <!---->
        <!---->
      </button></li>
    <li class="oc-files-context-action oc-px-s oc-rounded oc-menu-item-hover"><button type="button" class="oc-button oc-rounded oc-button-s oc-button-justify-content-center oc-button-gap-m oc-button-passive oc-button-passive-raw oc-files-actions-rename-trigger action-menu-item" data-testid="action-handler"><span class="oc-icon oc-icon-m oc-icon-passive" data-testid="action-icon"><!----></span> <span data-testid="action-label" class="oc-files-context-action-label">Rename</span>
        <!---->
        <!---->
      </button></li>
  </ul>
</div>
`;
