// Jest Snapshot v1, https://goo.gl/fbAQLP

exports[`Top Bar component Displays applications menu 1`] = `
<header aria-label="Top bar" class="oc-flex oc-flex-middle oc-flex-between oc-px-m" id="oc-topbar">
  <div class="oc-topbar-left oc-flex oc-flex-middle oc-flex-between">
    <applications-menu-stub applicationslist="[object Object],[object Object],[object Object]"></applications-menu-stub>
    <router-link-stub to="/">
      <oc-img-stub alt="Navigate to personal files page" class="oc-logo-image" loadingtype="eager" src="example-logo.svg"></oc-img-stub>
    </router-link-stub>
  </div>
  <div class="portal-wrapper">
    <portal-target-stub multiple name="app.runtime.header"></portal-target-stub>
  </div>
  <div class="oc-topbar-right oc-flex oc-flex-middle oc-flex-between">
    <theme-switcher-stub></theme-switcher-stub>
    <feedback-link-stub></feedback-link-stub>
    <!---->
    <user-menu-stub applicationslist="[object Object],[object Object],[object Object]"></user-menu-stub>
  </div>
</header>
`;
