// Jest Snapshot v1, https://goo.gl/fbAQLP

exports[`RoleItem renders the role information 1`] = `
<span class="roles-select-role-item" id="files-role-undefined">
  <span class="oc-text-bold oc-display-block oc-width-1-1">undefined</span>
  <span class="oc-m-rm oc-text-small oc-display-block"></span>
</span>
`;
