// Jest Snapshot v1, https://goo.gl/fbAQLP

exports[`ViewOptions component sets the correct initial files page limit 1`] = `
<div>
  <oc-button-stub appearance="raw" arialabel="Display customization options of the files list" class="oc-my-s oc-p-xs" gapsize="medium" id="files-view-options-btn" justifycontent="center" size="medium" submit="button" type="button" variation="passive">
    <oc-icon-stub accessiblelabel="" color="" filltype="line" name="settings-3" size="medium" type="span" variation="passive"></oc-icon-stub>
  </oc-button-stub>
  <oc-drop-stub class="oc-width-auto" dropid="files-view-options-drop" mode="click" paddingsize="medium" position="bottom-start" toggle="#files-view-options-btn">
    <oc-list-stub>
      <li class="files-view-options-list-item oc-mb-m">
        <oc-switch-stub label="Show hidden files" labelid="oc-switch-label-1"></oc-switch-stub>
      </li>
      <li class="files-view-options-list-item oc-my-m">
        <oc-switch-stub label="Show file extensions" labelid="oc-switch-label-1"></oc-switch-stub>
      </li>
      <li class="files-view-options-list-item oc-mt-m">
        <oc-page-size-stub class="files-pagination-size" label="Items per page" options="100,500" selected="100" selectid="oc-page-size-3"></oc-page-size-stub>
      </li>
    </oc-list-stub>
  </oc-drop-stub>
</div>
`;
