// Jest Snapshot v1, https://goo.gl/fbAQLP

exports[`The external app loading screen component displays a spinner and a paragraph 1`] = `
<div class="oc-text-center">
  <ocspinner-stub arialabel="" size="xlarge"></ocspinner-stub>
  <p class="oc-invisible">Loading app</p>
</div>
`;
